// Jest Snapshot v1, https://goo.gl/fbAQLP

exports[`<Config /> Config SnapShot renders config correctly 1`] = `
<aside>
  <div
    className="config container-fluid"
  >
    <div
      className="row"
    >
      <div
        className="col"
      >
        <div
          className="field-rows px-0 container-fluid"
        >
          <div
            className="no-gutters row"
          >
            <div
              className="col"
            >
              <h3>
                Configuration
              </h3>
            </div>
          </div>
          <div
            className="no-gutters row"
          >
            <div
              className="col"
            >
              <form
                className=""
              >
                <div
                  className="field-row form-group"
                >
                  <label
                    className=" form-control-label"
                    htmlFor="tickRate-number-field-row-input"
                  >
                    Tick Rate
                  </label>
                  <input
                    className="form-control"
                    id="tickRate-number-field-row-input"
                    name="tickRate-number-field-row-input"
                    onChange={[Function]}
                    placeholder="Tick Rate"
                    type="text"
                    value={50}
                  />
                </div>
              </form>
            </div>
          </div>
        </div>
      </div>
    </div>
  </div>
</aside>
`;
